// Jest Snapshot v1, https://goo.gl/fbAQLP

exports[`React.Component CountersTable should render correctly 1`] = `ShallowWrapper {}`;
