// Jest Snapshot v1, https://goo.gl/fbAQLP

exports[`React.Component Counters should render correctly 1`] = `ShallowWrapper {}`;
