// Jest Snapshot v1, https://goo.gl/fbAQLP

exports[`React.Component CountersFilter should render correctly 1`] = `ShallowWrapper {}`;
