// Jest Snapshot v1, https://goo.gl/fbAQLP

exports[`React.Component Dashboard should render correctly 1`] = `ShallowWrapper {}`;
