// Jest Snapshot v1, https://goo.gl/fbAQLP

exports[`React.Component Menu should render correctly 1`] = `ShallowWrapper {}`;
